// Jest Snapshot v1, https://goo.gl/fbAQLP

exports[`duration display index should define a display 1`] = `
Object {
  "component": Object {
    "props": Object {
      "value": Object {
        "required": false,
        "type": [Function],
      },
    },
    "render": [Function],
    "setup": [Function],
  },
  "description": "$:duration.display.description",
  "icon": "timer",
  "id": "duration",
  "name": "$:duration.display.name",
  "options": null,
  "types": Array [
    "integer",
    "float",
    "decimal",
  ],
}
`;
